Analysis & Synthesis report for CPU
Sun Jun  7 01:09:10 2026
Quartus Prime Version 24.1std.0 Build 1077 03/04/2025 SC Lite Edition


---------------------
; Table of Contents ;
---------------------
  1. Legal Notice
  2. Analysis & Synthesis Summary
  3. Analysis & Synthesis Settings
  4. Parallel Compilation
  5. Analysis & Synthesis Source Files Read
  6. Analysis & Synthesis Resource Usage Summary
  7. Analysis & Synthesis Resource Utilization by Entity
  8. State Machine - |CPU|control:U_CONTROL|state
  9. Logic Cells Representing Combinational Loops
 10. Registers Removed During Synthesis
 11. General Register Statistics
 12. Multiplexer Restructuring Statistics (Restructuring Performed)
 13. Port Connectivity Checks: "busint:U_BUSINT"
 14. Port Connectivity Checks: "alu:U_ALU"
 15. Port Connectivity Checks: "register_cpu:U_REGS"
 16. Port Connectivity Checks: "control:U_CONTROL"
 17. Post-Synthesis Netlist Statistics for Top Partition
 18. Elapsed Time Per Partition
 19. Analysis & Synthesis Messages



----------------
; Legal Notice ;
----------------
Copyright (C) 2025  Altera Corporation. All rights reserved.
Your use of Altera Corporation's design tools, logic functions 
and other software and tools, and any partner logic 
functions, and any output files from any of the foregoing 
(including device programming or simulation files), and any 
associated documentation or information are expressly subject 
to the terms and conditions of the Altera Program License 
Subscription Agreement, the Altera Quartus Prime License Agreement,
the Altera IP License Agreement, or other applicable license
agreement, including, without limitation, that your use is for
the sole purpose of programming logic devices manufactured by
Altera and sold by Altera or its authorized distributors.  Please
refer to the Altera Software License Subscription Agreements 
on the Quartus Prime software download page.



+-----------------------------------------------------------------------------------+
; Analysis & Synthesis Summary                                                      ;
+---------------------------------+-------------------------------------------------+
; Analysis & Synthesis Status     ; Successful - Sun Jun  7 01:09:10 2026           ;
; Quartus Prime Version           ; 24.1std.0 Build 1077 03/04/2025 SC Lite Edition ;
; Revision Name                   ; CPU                                             ;
; Top-level Entity Name           ; CPU                                             ;
; Family                          ; Cyclone V                                       ;
; Logic utilization (in ALMs)     ; N/A                                             ;
; Total registers                 ; 16846                                           ;
; Total pins                      ; 64                                              ;
; Total virtual pins              ; 0                                               ;
; Total block memory bits         ; 0                                               ;
; Total DSP Blocks                ; 0                                               ;
; Total HSSI RX PCSs              ; 0                                               ;
; Total HSSI PMA RX Deserializers ; 0                                               ;
; Total HSSI TX PCSs              ; 0                                               ;
; Total HSSI PMA TX Serializers   ; 0                                               ;
; Total PLLs                      ; 0                                               ;
; Total DLLs                      ; 0                                               ;
+---------------------------------+-------------------------------------------------+


+---------------------------------------------------------------------------------------------------------------------------+
; Analysis & Synthesis Settings                                                                                             ;
+---------------------------------------------------------------------------------+--------------------+--------------------+
; Option                                                                          ; Setting            ; Default Value      ;
+---------------------------------------------------------------------------------+--------------------+--------------------+
; Device                                                                          ; 5CGXFC7C7F23C8     ;                    ;
; Top-level entity name                                                           ; CPU                ; CPU                ;
; Family name                                                                     ; Cyclone V          ; Cyclone V          ;
; Use smart compilation                                                           ; Off                ; Off                ;
; Enable parallel Assembler and Timing Analyzer during compilation                ; On                 ; On                 ;
; Enable compact report table                                                     ; Off                ; Off                ;
; Restructure Multiplexers                                                        ; Auto               ; Auto               ;
; MLAB Add Timing Constraints For Mixed-Port Feed-Through Mode Setting Don't Care ; Off                ; Off                ;
; Create Debugging Nodes for IP Cores                                             ; Off                ; Off                ;
; Preserve fewer node names                                                       ; On                 ; On                 ;
; Intel FPGA IP Evaluation Mode                                                   ; Enable             ; Enable             ;
; Verilog Version                                                                 ; Verilog_2001       ; Verilog_2001       ;
; VHDL Version                                                                    ; VHDL_1993          ; VHDL_1993          ;
; State Machine Processing                                                        ; Auto               ; Auto               ;
; Safe State Machine                                                              ; Off                ; Off                ;
; Extract Verilog State Machines                                                  ; On                 ; On                 ;
; Extract VHDL State Machines                                                     ; On                 ; On                 ;
; Ignore Verilog initial constructs                                               ; Off                ; Off                ;
; Iteration limit for constant Verilog loops                                      ; 5000               ; 5000               ;
; Iteration limit for non-constant Verilog loops                                  ; 250                ; 250                ;
; Add Pass-Through Logic to Inferred RAMs                                         ; On                 ; On                 ;
; Infer RAMs from Raw Logic                                                       ; On                 ; On                 ;
; Parallel Synthesis                                                              ; On                 ; On                 ;
; DSP Block Balancing                                                             ; Auto               ; Auto               ;
; NOT Gate Push-Back                                                              ; On                 ; On                 ;
; Power-Up Don't Care                                                             ; On                 ; On                 ;
; Remove Redundant Logic Cells                                                    ; Off                ; Off                ;
; Remove Duplicate Registers                                                      ; On                 ; On                 ;
; Ignore CARRY Buffers                                                            ; Off                ; Off                ;
; Ignore CASCADE Buffers                                                          ; Off                ; Off                ;
; Ignore GLOBAL Buffers                                                           ; Off                ; Off                ;
; Ignore ROW GLOBAL Buffers                                                       ; Off                ; Off                ;
; Ignore LCELL Buffers                                                            ; Off                ; Off                ;
; Ignore SOFT Buffers                                                             ; On                 ; On                 ;
; Limit AHDL Integers to 32 Bits                                                  ; Off                ; Off                ;
; Optimization Technique                                                          ; Balanced           ; Balanced           ;
; Carry Chain Length                                                              ; 70                 ; 70                 ;
; Auto Carry Chains                                                               ; On                 ; On                 ;
; Auto Open-Drain Pins                                                            ; On                 ; On                 ;
; Perform WYSIWYG Primitive Resynthesis                                           ; Off                ; Off                ;
; Auto ROM Replacement                                                            ; On                 ; On                 ;
; Auto RAM Replacement                                                            ; On                 ; On                 ;
; Auto DSP Block Replacement                                                      ; On                 ; On                 ;
; Auto Shift Register Replacement                                                 ; Auto               ; Auto               ;
; Allow Shift Register Merging across Hierarchies                                 ; Auto               ; Auto               ;
; Auto Clock Enable Replacement                                                   ; On                 ; On                 ;
; Strict RAM Replacement                                                          ; Off                ; Off                ;
; Allow Synchronous Control Signals                                               ; On                 ; On                 ;
; Force Use of Synchronous Clear Signals                                          ; Off                ; Off                ;
; Auto Resource Sharing                                                           ; Off                ; Off                ;
; Allow Any RAM Size For Recognition                                              ; Off                ; Off                ;
; Allow Any ROM Size For Recognition                                              ; Off                ; Off                ;
; Allow Any Shift Register Size For Recognition                                   ; Off                ; Off                ;
; Use LogicLock Constraints during Resource Balancing                             ; On                 ; On                 ;
; Ignore translate_off and synthesis_off directives                               ; Off                ; Off                ;
; Timing-Driven Synthesis                                                         ; On                 ; On                 ;
; Report Parameter Settings                                                       ; On                 ; On                 ;
; Report Source Assignments                                                       ; On                 ; On                 ;
; Report Connectivity Checks                                                      ; On                 ; On                 ;
; Ignore Maximum Fan-Out Assignments                                              ; Off                ; Off                ;
; Synchronization Register Chain Length                                           ; 3                  ; 3                  ;
; Power Optimization During Synthesis                                             ; Normal compilation ; Normal compilation ;
; HDL message level                                                               ; Level2             ; Level2             ;
; Suppress Register Optimization Related Messages                                 ; Off                ; Off                ;
; Number of Removed Registers Reported in Synthesis Report                        ; 5000               ; 5000               ;
; Number of Swept Nodes Reported in Synthesis Report                              ; 5000               ; 5000               ;
; Number of Inverted Registers Reported in Synthesis Report                       ; 100                ; 100                ;
; Clock MUX Protection                                                            ; On                 ; On                 ;
; Auto Gated Clock Conversion                                                     ; Off                ; Off                ;
; Block Design Naming                                                             ; Auto               ; Auto               ;
; SDC constraint protection                                                       ; Off                ; Off                ;
; Synthesis Effort                                                                ; Auto               ; Auto               ;
; Shift Register Replacement - Allow Asynchronous Clear Signal                    ; On                 ; On                 ;
; Pre-Mapping Resynthesis Optimization                                            ; Off                ; Off                ;
; Analysis & Synthesis Message Level                                              ; Medium             ; Medium             ;
; Disable Register Merging Across Hierarchies                                     ; Auto               ; Auto               ;
; Resource Aware Inference For Block RAM                                          ; On                 ; On                 ;
; Automatic Parallel Synthesis                                                    ; On                 ; On                 ;
; Partial Reconfiguration Bitstream ID                                            ; Off                ; Off                ;
+---------------------------------------------------------------------------------+--------------------+--------------------+


+------------------------------------------+
; Parallel Compilation                     ;
+----------------------------+-------------+
; Processors                 ; Number      ;
+----------------------------+-------------+
; Number detected on machine ; 12          ;
; Maximum allowed            ; 6           ;
;                            ;             ;
; Average used               ; 1.01        ;
; Maximum used               ; 6           ;
;                            ;             ;
; Usage by Processor         ; % Time Used ;
;     Processor 1            ; 100.0%      ;
;     Processor 2            ;   0.2%      ;
;     Processor 3            ;   0.2%      ;
;     Processor 4            ;   0.2%      ;
;     Processor 5            ;   0.2%      ;
;     Processor 6            ;   0.2%      ;
+----------------------------+-------------+


+-------------------------------------------------------------------------------------------------------------------------------------------------+
; Analysis & Synthesis Source Files Read                                                                                                          ;
+----------------------------------+-----------------+-----------------+----------------------------------------------------------------+---------+
; File Name with User-Entered Path ; Used in Netlist ; File Type       ; File Name with Absolute Path                                   ; Library ;
+----------------------------------+-----------------+-----------------+----------------------------------------------------------------+---------+
; hex_display.vhd                  ; yes             ; User VHDL File  ; C:/Users/odrow/OneDrive/Dokumenty/quartus/CPU/hex_display.vhd  ;         ;
; alu.vhd                          ; yes             ; User VHDL File  ; C:/Users/odrow/OneDrive/Dokumenty/quartus/CPU/alu.vhd          ;         ;
; busint.vhd                       ; yes             ; User VHDL File  ; C:/Users/odrow/OneDrive/Dokumenty/quartus/CPU/busint.vhd       ;         ;
; ram.vhd                          ; yes             ; User VHDL File  ; C:/Users/odrow/OneDrive/Dokumenty/quartus/CPU/ram.vhd          ;         ;
; register_cpu.vhd                 ; yes             ; User VHDL File  ; C:/Users/odrow/OneDrive/Dokumenty/quartus/CPU/register_cpu.vhd ;         ;
; CPU.vhd                          ; yes             ; User VHDL File  ; C:/Users/odrow/OneDrive/Dokumenty/quartus/CPU/CPU.vhd          ;         ;
; control.vhd                      ; yes             ; User VHDL File  ; C:/Users/odrow/OneDrive/Dokumenty/quartus/CPU/control.vhd      ;         ;
+----------------------------------+-----------------+-----------------+----------------------------------------------------------------+---------+


+------------------------------------------------------------+
; Analysis & Synthesis Resource Usage Summary                ;
+---------------------------------------------+--------------+
; Resource                                    ; Usage        ;
+---------------------------------------------+--------------+
; Estimate of Logic utilization (ALMs needed) ; 11621        ;
;                                             ;              ;
; Combinational ALUT usage for logic          ; 7371         ;
;     -- 7 input functions                    ; 1            ;
;     -- 6 input functions                    ; 5915         ;
;     -- 5 input functions                    ; 60           ;
;     -- 4 input functions                    ; 102          ;
;     -- <=3 input functions                  ; 1293         ;
;                                             ;              ;
; Dedicated logic registers                   ; 16846        ;
;                                             ;              ;
; I/O pins                                    ; 64           ;
;                                             ;              ;
; Total DSP Blocks                            ; 0            ;
;                                             ;              ;
; Maximum fan-out node                        ; KEY[0]~input ;
; Maximum fan-out                             ; 16846        ;
; Total fan-out                               ; 91018        ;
; Average fan-out                             ; 3.74         ;
+---------------------------------------------+--------------+


+----------------------------------------------------------------------------------------------------------------------------------------------------------------------------------------------+
; Analysis & Synthesis Resource Utilization by Entity                                                                                                                                          ;
+----------------------------+---------------------+---------------------------+-------------------+------------+------+--------------+--------------------------+--------------+--------------+
; Compilation Hierarchy Node ; Combinational ALUTs ; Dedicated Logic Registers ; Block Memory Bits ; DSP Blocks ; Pins ; Virtual Pins ; Full Hierarchy Name      ; Entity Name  ; Library Name ;
+----------------------------+---------------------+---------------------------+-------------------+------------+------+--------------+--------------------------+--------------+--------------+
; |CPU                       ; 7371 (49)           ; 16846 (0)                 ; 0                 ; 0          ; 64   ; 0            ; |CPU                     ; CPU          ; work         ;
;    |alu:U_ALU|             ; 270 (270)           ; 0 (0)                     ; 0                 ; 0          ; 0    ; 0            ; |CPU|alu:U_ALU           ; alu          ; work         ;
;    |busint:U_BUSINT|       ; 0 (0)               ; 32 (32)                   ; 0                 ; 0          ; 0    ; 0            ; |CPU|busint:U_BUSINT     ; busint       ; work         ;
;    |control:U_CONTROL|     ; 53 (53)             ; 14 (14)                   ; 0                 ; 0          ; 0    ; 0            ; |CPU|control:U_CONTROL   ; control      ; work         ;
;    |hex_display:U_HEX0|    ; 7 (7)               ; 0 (0)                     ; 0                 ; 0          ; 0    ; 0            ; |CPU|hex_display:U_HEX0  ; hex_display  ; work         ;
;    |hex_display:U_HEX1|    ; 7 (7)               ; 0 (0)                     ; 0                 ; 0          ; 0    ; 0            ; |CPU|hex_display:U_HEX1  ; hex_display  ; work         ;
;    |hex_display:U_HEX2|    ; 7 (7)               ; 0 (0)                     ; 0                 ; 0          ; 0    ; 0            ; |CPU|hex_display:U_HEX2  ; hex_display  ; work         ;
;    |hex_display:U_HEX3|    ; 7 (7)               ; 0 (0)                     ; 0                 ; 0          ; 0    ; 0            ; |CPU|hex_display:U_HEX3  ; hex_display  ; work         ;
;    |hex_display:U_HEX4|    ; 7 (7)               ; 0 (0)                     ; 0                 ; 0          ; 0    ; 0            ; |CPU|hex_display:U_HEX4  ; hex_display  ; work         ;
;    |hex_display:U_HEX5|    ; 7 (7)               ; 0 (0)                     ; 0                 ; 0          ; 0    ; 0            ; |CPU|hex_display:U_HEX5  ; hex_display  ; work         ;
;    |ram:U_RAM|             ; 6580 (6580)         ; 16384 (16384)             ; 0                 ; 0          ; 0    ; 0            ; |CPU|ram:U_RAM           ; ram          ; work         ;
;    |register_cpu:U_REGS|   ; 377 (377)           ; 416 (416)                 ; 0                 ; 0          ; 0    ; 0            ; |CPU|register_cpu:U_REGS ; register_cpu ; work         ;
+----------------------------+---------------------+---------------------------+-------------------+------------+------+--------------+--------------------------+--------------+--------------+
Note: For table entries with two numbers listed, the numbers in parentheses indicate the number of resources of the given type used by the specific entity alone. The numbers listed outside of parentheses indicate the total resources of the given type used by the specific entity and all of its sub-entities in the hierarchy.


Encoding Type:  One-Hot
+----------------------------------------------------------------------------------------------------------------------------------------------------------------------------------------------------------------------------------------------------------------------------+
; State Machine - |CPU|control:U_CONTROL|state                                                                                                                                                                                                                               ;
+-------------------+------------+---------------+-----------------+-----------------+-------------------+------------------+------------------+------------------+-----------------+-----------------+----------------+----------------+--------------+----------+----------+
; Name              ; state.halt ; state.int_ack ; state.brz_check ; state.jump_addr ; state.store_write ; state.store_prep ; state.store_addr ; state.load_write ; state.load_read ; state.load_addr ; state.exec_ldi ; state.exec_alu ; state.decode ; state.f1 ; state.f0 ;
+-------------------+------------+---------------+-----------------+-----------------+-------------------+------------------+------------------+------------------+-----------------+-----------------+----------------+----------------+--------------+----------+----------+
; state.f0          ; 0          ; 0             ; 0               ; 0               ; 0                 ; 0                ; 0                ; 0                ; 0               ; 0               ; 0              ; 0              ; 0            ; 0        ; 0        ;
; state.f1          ; 0          ; 0             ; 0               ; 0               ; 0                 ; 0                ; 0                ; 0                ; 0               ; 0               ; 0              ; 0              ; 0            ; 1        ; 1        ;
; state.decode      ; 0          ; 0             ; 0               ; 0               ; 0                 ; 0                ; 0                ; 0                ; 0               ; 0               ; 0              ; 0              ; 1            ; 0        ; 1        ;
; state.exec_alu    ; 0          ; 0             ; 0               ; 0               ; 0                 ; 0                ; 0                ; 0                ; 0               ; 0               ; 0              ; 1              ; 0            ; 0        ; 1        ;
; state.exec_ldi    ; 0          ; 0             ; 0               ; 0               ; 0                 ; 0                ; 0                ; 0                ; 0               ; 0               ; 1              ; 0              ; 0            ; 0        ; 1        ;
; state.load_addr   ; 0          ; 0             ; 0               ; 0               ; 0                 ; 0                ; 0                ; 0                ; 0               ; 1               ; 0              ; 0              ; 0            ; 0        ; 1        ;
; state.load_read   ; 0          ; 0             ; 0               ; 0               ; 0                 ; 0                ; 0                ; 0                ; 1               ; 0               ; 0              ; 0              ; 0            ; 0        ; 1        ;
; state.load_write  ; 0          ; 0             ; 0               ; 0               ; 0                 ; 0                ; 0                ; 1                ; 0               ; 0               ; 0              ; 0              ; 0            ; 0        ; 1        ;
; state.store_addr  ; 0          ; 0             ; 0               ; 0               ; 0                 ; 0                ; 1                ; 0                ; 0               ; 0               ; 0              ; 0              ; 0            ; 0        ; 1        ;
; state.store_prep  ; 0          ; 0             ; 0               ; 0               ; 0                 ; 1                ; 0                ; 0                ; 0               ; 0               ; 0              ; 0              ; 0            ; 0        ; 1        ;
; state.store_write ; 0          ; 0             ; 0               ; 0               ; 1                 ; 0                ; 0                ; 0                ; 0               ; 0               ; 0              ; 0              ; 0            ; 0        ; 1        ;
; state.jump_addr   ; 0          ; 0             ; 0               ; 1               ; 0                 ; 0                ; 0                ; 0                ; 0               ; 0               ; 0              ; 0              ; 0            ; 0        ; 1        ;
; state.brz_check   ; 0          ; 0             ; 1               ; 0               ; 0                 ; 0                ; 0                ; 0                ; 0               ; 0               ; 0              ; 0              ; 0            ; 0        ; 1        ;
; state.int_ack     ; 0          ; 1             ; 0               ; 0               ; 0                 ; 0                ; 0                ; 0                ; 0               ; 0               ; 0              ; 0              ; 0            ; 0        ; 1        ;
; state.halt        ; 1          ; 0             ; 0               ; 0               ; 0                 ; 0                ; 0                ; 0                ; 0               ; 0               ; 0              ; 0              ; 0            ; 0        ; 1        ;
+-------------------+------------+---------------+-----------------+-----------------+-------------------+------------------+------------------+------------------+-----------------+-----------------+----------------+----------------+--------------+----------+----------+


+------------------------------------------------------------+
; Logic Cells Representing Combinational Loops               ;
+--------------------------------------------------------+---+
; Logic Cell Name                                        ;   ;
+--------------------------------------------------------+---+
; control:U_CONTROL|Selector11~0                         ;   ;
; Number of logic cells representing combinational loops ; 1 ;
+--------------------------------------------------------+---+
Note: All cells listed above may not be present at the end of synthesis due to various synthesis optimizations.


+--------------------------------------------------------------------------------+
; Registers Removed During Synthesis                                             ;
+---------------------------------------+----------------------------------------+
; Register name                         ; Reason for Removal                     ;
+---------------------------------------+----------------------------------------+
; control:U_CONTROL|state.int_ack       ; Stuck at GND due to stuck port data_in ;
; Total Number of Removed Registers = 1 ;                                        ;
+---------------------------------------+----------------------------------------+


+------------------------------------------------------+
; General Register Statistics                          ;
+----------------------------------------------+-------+
; Statistic                                    ; Value ;
+----------------------------------------------+-------+
; Total registers                              ; 16846 ;
; Number of registers using Synchronous Clear  ; 0     ;
; Number of registers using Synchronous Load   ; 32    ;
; Number of registers using Asynchronous Clear ; 430   ;
; Number of registers using Asynchronous Load  ; 0     ;
; Number of registers using Clock Enable       ; 16832 ;
; Number of registers using Preset             ; 0     ;
+----------------------------------------------+-------+


+--------------------------------------------------------------------------------------------------------------------------------------------------+
; Multiplexer Restructuring Statistics (Restructuring Performed)                                                                                   ;
+--------------------+-----------+---------------+----------------------+------------------------+------------+------------------------------------+
; Multiplexer Inputs ; Bus Width ; Baseline Area ; Area if Restructured ; Saving if Restructured ; Registered ; Example Multiplexer Output         ;
+--------------------+-----------+---------------+----------------------+------------------------+------------+------------------------------------+
; 3:1                ; 16 bits   ; 32 LEs        ; 0 LEs                ; 32 LEs                 ; Yes        ; |CPU|register_cpu:U_REGS|PC[29]    ;
; 3:1                ; 16 bits   ; 32 LEs        ; 0 LEs                ; 32 LEs                 ; Yes        ; |CPU|register_cpu:U_REGS|PC[12]    ;
; 7:1                ; 16 bits   ; 64 LEs        ; 0 LEs                ; 64 LEs                 ; Yes        ; |CPU|register_cpu:U_REGS|R[14][7]  ;
; 7:1                ; 16 bits   ; 64 LEs        ; 0 LEs                ; 64 LEs                 ; Yes        ; |CPU|register_cpu:U_REGS|R[6][10]  ;
; 7:1                ; 16 bits   ; 64 LEs        ; 0 LEs                ; 64 LEs                 ; Yes        ; |CPU|register_cpu:U_REGS|R[8][7]   ;
; 7:1                ; 16 bits   ; 64 LEs        ; 0 LEs                ; 64 LEs                 ; Yes        ; |CPU|register_cpu:U_REGS|R[0][3]   ;
; 7:1                ; 16 bits   ; 64 LEs        ; 0 LEs                ; 64 LEs                 ; Yes        ; |CPU|register_cpu:U_REGS|R[15][3]  ;
; 7:1                ; 16 bits   ; 64 LEs        ; 0 LEs                ; 64 LEs                 ; Yes        ; |CPU|register_cpu:U_REGS|R[7][13]  ;
; 7:1                ; 16 bits   ; 64 LEs        ; 0 LEs                ; 64 LEs                 ; Yes        ; |CPU|register_cpu:U_REGS|R[9][2]   ;
; 7:1                ; 16 bits   ; 64 LEs        ; 0 LEs                ; 64 LEs                 ; Yes        ; |CPU|register_cpu:U_REGS|R[1][5]   ;
; 7:1                ; 16 bits   ; 64 LEs        ; 0 LEs                ; 64 LEs                 ; Yes        ; |CPU|register_cpu:U_REGS|R[10][0]  ;
; 7:1                ; 16 bits   ; 64 LEs        ; 0 LEs                ; 64 LEs                 ; Yes        ; |CPU|register_cpu:U_REGS|R[2][1]   ;
; 7:1                ; 16 bits   ; 64 LEs        ; 0 LEs                ; 64 LEs                 ; Yes        ; |CPU|register_cpu:U_REGS|R[12][14] ;
; 7:1                ; 16 bits   ; 64 LEs        ; 0 LEs                ; 64 LEs                 ; Yes        ; |CPU|register_cpu:U_REGS|R[4][15]  ;
; 7:1                ; 16 bits   ; 64 LEs        ; 0 LEs                ; 64 LEs                 ; Yes        ; |CPU|register_cpu:U_REGS|R[11][15] ;
; 7:1                ; 16 bits   ; 64 LEs        ; 0 LEs                ; 64 LEs                 ; Yes        ; |CPU|register_cpu:U_REGS|R[3][14]  ;
; 7:1                ; 16 bits   ; 64 LEs        ; 0 LEs                ; 64 LEs                 ; Yes        ; |CPU|register_cpu:U_REGS|R[13][2]  ;
; 7:1                ; 16 bits   ; 64 LEs        ; 0 LEs                ; 64 LEs                 ; Yes        ; |CPU|register_cpu:U_REGS|R[5][4]   ;
; 4:1                ; 16 bits   ; 32 LEs        ; 32 LEs               ; 0 LEs                  ; No         ; |CPU|Mux3                          ;
; 28:1               ; 8 bits    ; 144 LEs       ; 144 LEs              ; 0 LEs                  ; No         ; |CPU|register_cpu:U_REGS|Mux528    ;
; 28:1               ; 8 bits    ; 144 LEs       ; 144 LEs              ; 0 LEs                  ; No         ; |CPU|register_cpu:U_REGS|Mux538    ;
; 28:1               ; 8 bits    ; 144 LEs       ; 144 LEs              ; 0 LEs                  ; No         ; |CPU|register_cpu:U_REGS|Mux565    ;
; 28:1               ; 8 bits    ; 144 LEs       ; 144 LEs              ; 0 LEs                  ; No         ; |CPU|register_cpu:U_REGS|Mux569    ;
; 26:1               ; 14 bits   ; 238 LEs       ; 168 LEs              ; 70 LEs                 ; No         ; |CPU|alu:U_ALU|Mux11               ;
+--------------------+-----------+---------------+----------------------+------------------------+------------+------------------------------------+


+----------------------------------------------------------------------------------------------------------------+
; Port Connectivity Checks: "busint:U_BUSINT"                                                                    ;
+------+--------+----------+-------------------------------------------------------------------------------------+
; Port ; Type   ; Severity ; Details                                                                             ;
+------+--------+----------+-------------------------------------------------------------------------------------+
; ad   ; Output ; Info     ; Connected to dangling logic. Logic that only feeds a dangling port will be removed. ;
+------+--------+----------+-------------------------------------------------------------------------------------+


+----------------------------------------+
; Port Connectivity Checks: "alu:U_ALU"  ;
+------+-------+----------+--------------+
; Port ; Type  ; Severity ; Details      ;
+------+-------+----------+--------------+
; s_f  ; Input ; Info     ; Stuck at GND ;
; c_in ; Input ; Info     ; Stuck at GND ;
+------+-------+----------+--------------+


+-------------------------------------------------+
; Port Connectivity Checks: "register_cpu:U_REGS" ;
+-----------+-------+----------+------------------+
; Port      ; Type  ; Severity ; Details          ;
+-----------+-------+----------+------------------+
; di[15..8] ; Input ; Info     ; Stuck at GND     ;
+-----------+-------+----------+------------------+


+----------------------------------------------------------------------------------------------------------------+
; Port Connectivity Checks: "control:U_CONTROL"                                                                  ;
+------+--------+----------+-------------------------------------------------------------------------------------+
; Port ; Type   ; Severity ; Details                                                                             ;
+------+--------+----------+-------------------------------------------------------------------------------------+
; int  ; Input  ; Info     ; Stuck at GND                                                                        ;
; ldf  ; Output ; Info     ; Connected to dangling logic. Logic that only feeds a dangling port will be removed. ;
; inta ; Output ; Info     ; Connected to dangling logic. Logic that only feeds a dangling port will be removed. ;
+------+--------+----------+-------------------------------------------------------------------------------------+


+-----------------------------------------------------+
; Post-Synthesis Netlist Statistics for Top Partition ;
+-----------------------+-----------------------------+
; Type                  ; Count                       ;
+-----------------------+-----------------------------+
; arriav_ff             ; 16846                       ;
;     CLR               ; 14                          ;
;     ENA               ; 16416                       ;
;     ENA CLR           ; 384                         ;
;     ENA CLR SLD       ; 32                          ;
; arriav_lcell_comb     ; 7387                        ;
;     arith             ; 150                         ;
;         0 data inputs ; 6                           ;
;         1 data inputs ; 112                         ;
;         2 data inputs ; 32                          ;
;     extend            ; 1                           ;
;         7 data inputs ; 1                           ;
;     normal            ; 7236                        ;
;         1 data inputs ; 37                          ;
;         2 data inputs ; 26                          ;
;         3 data inputs ; 1096                        ;
;         4 data inputs ; 102                         ;
;         5 data inputs ; 60                          ;
;         6 data inputs ; 5915                        ;
; boundary_port         ; 64                          ;
;                       ;                             ;
; Max LUT depth         ; 15.10                       ;
; Average LUT depth     ; 7.10                        ;
+-----------------------+-----------------------------+


+-------------------------------+
; Elapsed Time Per Partition    ;
+----------------+--------------+
; Partition Name ; Elapsed Time ;
+----------------+--------------+
; Top            ; 00:00:19     ;
+----------------+--------------+


+-------------------------------+
; Analysis & Synthesis Messages ;
+-------------------------------+
Info: *******************************************************************
Info: Running Quartus Prime Analysis & Synthesis
    Info: Version 24.1std.0 Build 1077 03/04/2025 SC Lite Edition
    Info: Processing started: Sun Jun  7 01:08:41 2026
Info: Command: quartus_map --read_settings_files=on --write_settings_files=off CPU -c CPU
Warning (18236): Number of processors has not been specified which may cause overloading on shared machines.  Set the global assignment NUM_PARALLEL_PROCESSORS in your QSF to an appropriate value for best performance.
Info (20030): Parallel compilation is enabled and will use 6 of the 6 processors detected
Info (12021): Found 2 design units, including 1 entities, in source file hex_display.vhd
    Info (12022): Found design unit 1: hex_display-rtl File: C:/Users/odrow/OneDrive/Dokumenty/quartus/CPU/hex_display.vhd Line: 30
    Info (12023): Found entity 1: hex_display File: C:/Users/odrow/OneDrive/Dokumenty/quartus/CPU/hex_display.vhd Line: 23
Info (12021): Found 2 design units, including 1 entities, in source file alu.vhd
    Info (12022): Found design unit 1: alu-Behavioral File: C:/Users/odrow/OneDrive/Dokumenty/quartus/CPU/alu.vhd Line: 26
    Info (12023): Found entity 1: alu File: C:/Users/odrow/OneDrive/Dokumenty/quartus/CPU/alu.vhd Line: 10
Info (12021): Found 2 design units, including 1 entities, in source file busint.vhd
    Info (12022): Found design unit 1: busint-rtl File: C:/Users/odrow/OneDrive/Dokumenty/quartus/CPU/busint.vhd Line: 54
    Info (12023): Found entity 1: busint File: C:/Users/odrow/OneDrive/Dokumenty/quartus/CPU/busint.vhd Line: 36
Info (12021): Found 2 design units, including 1 entities, in source file ram.vhd
    Info (12022): Found design unit 1: ram-rtl File: C:/Users/odrow/OneDrive/Dokumenty/quartus/CPU/ram.vhd Line: 43
    Info (12023): Found entity 1: ram File: C:/Users/odrow/OneDrive/Dokumenty/quartus/CPU/ram.vhd Line: 33
Info (12021): Found 2 design units, including 1 entities, in source file register_cpu.vhd
    Info (12022): Found design unit 1: register_cpu-rtl File: C:/Users/odrow/OneDrive/Dokumenty/quartus/CPU/register_cpu.vhd Line: 32
    Info (12023): Found entity 1: register_cpu File: C:/Users/odrow/OneDrive/Dokumenty/quartus/CPU/register_cpu.vhd Line: 11
Info (12021): Found 2 design units, including 1 entities, in source file cpu.vhd
    Info (12022): Found design unit 1: CPU-rtl File: C:/Users/odrow/OneDrive/Dokumenty/quartus/CPU/CPU.vhd Line: 54
    Info (12023): Found entity 1: CPU File: C:/Users/odrow/OneDrive/Dokumenty/quartus/CPU/CPU.vhd Line: 40
Info (12021): Found 2 design units, including 1 entities, in source file cpu_tb.vhd
    Info (12022): Found design unit 1: cpu_tb-behavior File: C:/Users/odrow/OneDrive/Dokumenty/quartus/CPU/cpu_tb.vhd Line: 16
    Info (12023): Found entity 1: cpu_tb File: C:/Users/odrow/OneDrive/Dokumenty/quartus/CPU/cpu_tb.vhd Line: 13
Info (12021): Found 2 design units, including 1 entities, in source file alu_tb.vhd
    Info (12022): Found design unit 1: alu_tb-behavior File: C:/Users/odrow/OneDrive/Dokumenty/quartus/CPU/alu_tb.vhd Line: 8
    Info (12023): Found entity 1: alu_tb File: C:/Users/odrow/OneDrive/Dokumenty/quartus/CPU/alu_tb.vhd Line: 5
Info (12021): Found 2 design units, including 1 entities, in source file register_cpu_tb.vhd
    Info (12022): Found design unit 1: register_cpu_tb-behavior File: C:/Users/odrow/OneDrive/Dokumenty/quartus/CPU/register_cpu_tb.vhd Line: 8
    Info (12023): Found entity 1: register_cpu_tb File: C:/Users/odrow/OneDrive/Dokumenty/quartus/CPU/register_cpu_tb.vhd Line: 5
Info (12021): Found 2 design units, including 1 entities, in source file control.vhd
    Info (12022): Found design unit 1: control-rtl File: C:/Users/odrow/OneDrive/Dokumenty/quartus/CPU/control.vhd Line: 33
    Info (12023): Found entity 1: control File: C:/Users/odrow/OneDrive/Dokumenty/quartus/CPU/control.vhd Line: 7
Info (12127): Elaborating entity "CPU" for the top level hierarchy
Warning (10036): Verilog HDL or VHDL warning at CPU.vhd(200): object "bus_AD" assigned a value but never read File: C:/Users/odrow/OneDrive/Dokumenty/quartus/CPU/CPU.vhd Line: 200
Info (12128): Elaborating entity "control" for hierarchy "control:U_CONTROL" File: C:/Users/odrow/OneDrive/Dokumenty/quartus/CPU/CPU.vhd Line: 263
Info (12128): Elaborating entity "register_cpu" for hierarchy "register_cpu:U_REGS" File: C:/Users/odrow/OneDrive/Dokumenty/quartus/CPU/CPU.vhd Line: 288
Info (12128): Elaborating entity "alu" for hierarchy "alu:U_ALU" File: C:/Users/odrow/OneDrive/Dokumenty/quartus/CPU/CPU.vhd Line: 308
Info (12128): Elaborating entity "busint" for hierarchy "busint:U_BUSINT" File: C:/Users/odrow/OneDrive/Dokumenty/quartus/CPU/CPU.vhd Line: 323
Info (12128): Elaborating entity "ram" for hierarchy "ram:U_RAM" File: C:/Users/odrow/OneDrive/Dokumenty/quartus/CPU/CPU.vhd Line: 340
Info (12128): Elaborating entity "hex_display" for hierarchy "hex_display:U_HEX0" File: C:/Users/odrow/OneDrive/Dokumenty/quartus/CPU/CPU.vhd Line: 365
Info (276014): Found 1 instances of uninferred RAM logic
    Info (276007): RAM logic "ram:U_RAM|ram_block" is uninferred due to asynchronous read logic File: C:/Users/odrow/OneDrive/Dokumenty/quartus/CPU/ram.vhd Line: 48
Warning (13046): Tri-state node(s) do not directly drive top-level pin(s)
    Warning (13048): Converted tri-state node "bus_D[15]" into a selector File: C:/Users/odrow/OneDrive/Dokumenty/quartus/CPU/ram.vhd Line: 48
    Warning (13048): Converted tri-state node "bus_D[14]" into a selector File: C:/Users/odrow/OneDrive/Dokumenty/quartus/CPU/ram.vhd Line: 48
    Warning (13048): Converted tri-state node "bus_D[13]" into a selector File: C:/Users/odrow/OneDrive/Dokumenty/quartus/CPU/ram.vhd Line: 48
    Warning (13048): Converted tri-state node "bus_D[12]" into a selector File: C:/Users/odrow/OneDrive/Dokumenty/quartus/CPU/ram.vhd Line: 48
    Warning (13048): Converted tri-state node "bus_D[11]" into a selector File: C:/Users/odrow/OneDrive/Dokumenty/quartus/CPU/ram.vhd Line: 48
    Warning (13048): Converted tri-state node "bus_D[10]" into a selector File: C:/Users/odrow/OneDrive/Dokumenty/quartus/CPU/ram.vhd Line: 48
    Warning (13048): Converted tri-state node "bus_D[9]" into a selector File: C:/Users/odrow/OneDrive/Dokumenty/quartus/CPU/ram.vhd Line: 48
    Warning (13048): Converted tri-state node "bus_D[8]" into a selector File: C:/Users/odrow/OneDrive/Dokumenty/quartus/CPU/ram.vhd Line: 48
    Warning (13048): Converted tri-state node "bus_D[7]" into a selector File: C:/Users/odrow/OneDrive/Dokumenty/quartus/CPU/ram.vhd Line: 48
    Warning (13048): Converted tri-state node "bus_D[6]" into a selector File: C:/Users/odrow/OneDrive/Dokumenty/quartus/CPU/ram.vhd Line: 48
    Warning (13048): Converted tri-state node "bus_D[5]" into a selector File: C:/Users/odrow/OneDrive/Dokumenty/quartus/CPU/ram.vhd Line: 48
    Warning (13048): Converted tri-state node "bus_D[4]" into a selector File: C:/Users/odrow/OneDrive/Dokumenty/quartus/CPU/ram.vhd Line: 48
    Warning (13048): Converted tri-state node "bus_D[3]" into a selector File: C:/Users/odrow/OneDrive/Dokumenty/quartus/CPU/ram.vhd Line: 48
    Warning (13048): Converted tri-state node "bus_D[2]" into a selector File: C:/Users/odrow/OneDrive/Dokumenty/quartus/CPU/ram.vhd Line: 48
    Warning (13048): Converted tri-state node "bus_D[1]" into a selector File: C:/Users/odrow/OneDrive/Dokumenty/quartus/CPU/ram.vhd Line: 48
    Warning (13048): Converted tri-state node "bus_D[0]" into a selector File: C:/Users/odrow/OneDrive/Dokumenty/quartus/CPU/ram.vhd Line: 48
Info (286030): Timing-Driven Synthesis is running
Info (16010): Generating hard_block partition "hard_block:auto_generated_inst"
    Info (16011): Adding 0 node(s), including 0 DDIO, 0 PLL, 0 transceiver and 0 LCELL
Warning (21074): Design contains 8 input pin(s) that do not drive logic
    Warning (15610): No output dependent on input pin "SW[2]" File: C:/Users/odrow/OneDrive/Dokumenty/quartus/CPU/CPU.vhd Line: 42
    Warning (15610): No output dependent on input pin "SW[3]" File: C:/Users/odrow/OneDrive/Dokumenty/quartus/CPU/CPU.vhd Line: 42
    Warning (15610): No output dependent on input pin "SW[4]" File: C:/Users/odrow/OneDrive/Dokumenty/quartus/CPU/CPU.vhd Line: 42
    Warning (15610): No output dependent on input pin "SW[5]" File: C:/Users/odrow/OneDrive/Dokumenty/quartus/CPU/CPU.vhd Line: 42
    Warning (15610): No output dependent on input pin "SW[6]" File: C:/Users/odrow/OneDrive/Dokumenty/quartus/CPU/CPU.vhd Line: 42
    Warning (15610): No output dependent on input pin "SW[7]" File: C:/Users/odrow/OneDrive/Dokumenty/quartus/CPU/CPU.vhd Line: 42
    Warning (15610): No output dependent on input pin "SW[8]" File: C:/Users/odrow/OneDrive/Dokumenty/quartus/CPU/CPU.vhd Line: 42
    Warning (15610): No output dependent on input pin "SW[9]" File: C:/Users/odrow/OneDrive/Dokumenty/quartus/CPU/CPU.vhd Line: 42
Info (21057): Implemented 24220 device resources after synthesis - the final resource count might be different
    Info (21058): Implemented 12 input pins
    Info (21059): Implemented 52 output pins
    Info (21061): Implemented 24156 logic cells
Info: Quartus Prime Analysis & Synthesis was successful. 0 errors, 28 warnings
    Info: Peak virtual memory: 5076 megabytes
    Info: Processing ended: Sun Jun  7 01:09:11 2026
    Info: Elapsed time: 00:00:30
    Info: Total CPU time (on all processors): 00:00:36


